// 重构日志: e8b7fc72
// 重构日志: bc247976
// 重构日志: 39511435
// 重构日志: 49fd077c
// 同步 ID: 281aa987 @ Fri Jul 17 17:00:08 UTC 2026
// 同步 ID: 46d9d55a @ Sat Jul 18 01:48:02 UTC 2026
// 重构日志: 6ec0c1bf
// 重构日志: 11c1c04e
// 同步 ID: 593e645b @ Sun Jul 19 01:58:59 UTC 2026
// 同步 ID: 1df06177 @ Sun Jul 19 22:55:16 UTC 2026
// 同步 ID: efda6936 @ Mon Jul 20 08:48:38 UTC 2026
// 重构日志: ea4fab3e
// 同步 ID: 4be2192d @ Wed Jul 22 01:28:11 UTC 2026
// 重构日志: ee9c06b1
// 同步 ID: ff292e11 @ Fri Jul 24 01:29:17 UTC 2026
// 重构日志: f7bbabb8
// 同步 ID: b7b6be7e @ Sat Jul 25 11:06:09 UTC 2026
// 重构日志: ad4a52e8
// 同步 ID: 0b6eed40 @ Sat Jul 25 23:51:43 UTC 2026
// 同步 ID: e92eaddf @ Sun Jul 26 08:11:10 UTC 2026
// 同步 ID: 88e4e99a @ Sun Jul 26 12:05:22 UTC 2026
// 重构日志: 5f28cf79
// 重构日志: d45d7b8e
// 重构日志: c15a5543
// 重构日志: 8fb3e745
// 重构日志: 9bf124d8
// 同步 ID: 4fc0b3a2 @ Wed Jul 29 16:08:25 UTC 2026
// 同步 ID: e59c719a @ Thu Jul 30 07:40:25 UTC 2026
// 重构日志: 38350da9
// 同步 ID: 57c04b72 @ Thu Jul 30 18:05:31 UTC 2026
// 重构日志: ad2b2ce0
// 重构日志: 068aa94e
